[backblue.gif]
[fade.gif]
[index.html]
[rivestream.ru/manifest.json]
[rivestream.ru/icons/icon-192x192.png]
[rivestream.ru/images/logo512.png]
[www.rivestream.app/images/MetaImage.jpg]
[rivestream.ru/index.html]
[rivestream.ru/images/logo512.svg]
[rivestream.ru/_next/static/css/e8250ed4d8b45b38.css]
[rivestream.ru/_next/static/css/d517b9ea2542bdaa.css]
[rivestream.ru/_next/static/chunks/polyfills-42372ed130431b0a.js]
[rivestream.ru/_next/static/chunks/webpack-18dc309a063420a4.js]
[rivestream.ru/_next/static/chunks/framework-945b357d4a851f4b.js]
[rivestream.ru/_next/static/chunks/main-39e50773f699b0d5.js]
[rivestream.ru/_next/static/chunks/pages/_app-9726d6130d772c89.js]
[rivestream.ru/_next/static/chunks/3a17f596-6fe8ea4c98328343.js]
[rivestream.ru/_next/static/chunks/pages/index-e140e62d4b51f4f7.js]
[rivestream.ru/_next/static/CyMlbmPppJZM5gLcJ2HmQ/_buildManifest.js]
[rivestream.ru/_next/static/CyMlbmPppJZM5gLcJ2HmQ/_ssgManifest.js]
[rivestream.ru/search.html]
[rivestream.ru/discover.html]
[rivestream.ru/ai.html]
[rivestream.ru/movie.html]
[rivestream.ru/tv.html]
[rivestream.ru/livesports.html]
[rivestream.ru/iptv.html]
[rivestream.ru/radio.html]
[rivestream.ru/manga.html]
[rivestream.ru/anime.html]
[rivestream.ru/kdrama.html]
[rivestream.ru/collections.html]
[rivestream.ru/library.html]
[rivestream.ru/settings.html]
[rivestream.ru/profile.html]
[rivestream.ru/_next/index.html]
[rivestream.ru/start-url.html]
[rivestream.ru/next-data.html]
[rivestream.ru/pages-manifest.json.html]
[rivestream.ru/app-paths-manifest.json.html]
[rivestream.ru/app-path-routes-manifest.json.html]
[rivestream.ru/build-manifest.json.html]
[rivestream.ru/app-build-manifest.json.html]
[rivestream.ru/functions-config-manifest.json.html]
[rivestream.ru/export-marker.json.html]
[rivestream.ru/export-detail.json.html]
[rivestream.ru/prerender-manifest.json.html]
[rivestream.ru/routes-manifest.json.html]
[rivestream.ru/images-manifest.json.html]
[rivestream.ru/required-server-files.json.html]
[rivestream.ru/_devPagesManifest.json.html]
[rivestream.ru/middleware-manifest.json.html]
[rivestream.ru/_devMiddlewareManifest.json.html]
[rivestream.ru/react-loadable-manifest.json.html]
[rivestream.ru/font-manifest.json.html]
[rivestream.ru/index/index.html]
[rivestream.ru/_next/data/index.html]
[rivestream.ru/api/index.html]
[rivestream.ru/sw.js]
[cdn.jsdelivr.net/gh/paulirish/lite-youtube-embed@master/src/lite-yt-embed.js]
[rivestream.ru/images/logo.svg]
[rivestream.ru/static/css/d517b9ea2542bdaa.html]
[rivestream.ru/static/css/f42c5f462305abca.html]
[rivestream.ru/static/css/66ae6a42bded0f88.html]
[rivestream.ru/static/css/fcfbcf613d63c92a.html]
[rivestream.ru/static/css/50e14c25f6ddefbd.html]
[rivestream.ru/static/css/9b22bba48a9cc39a.html]
[rivestream.ru/static/chunks/68c0a17d-56a9b3a67b374c6f.html]
[rivestream.ru/static/chunks/6b2193de-20dadb8f48d5d1ea.html]
[rivestream.ru/static/css/7499104988107383.html]
[rivestream.ru/static/css/b73809531504857d.html]
[rivestream.ru/static/css/67ba240bbcfe3aab.html]
[rivestream.ru/static/css/e822299a7b43cfae.html]
[rivestream.ru/static/chunks/737a5600-b5a12d5fc67b00ff.html]
[rivestream.ru/static/chunks/8660-e364d9f4041cca64.html]
[rivestream.ru/static/css/e55fb04ca1693730.html]
[rivestream.ru/static/css/699b970711f966b5.html]
[rivestream.ru/static/css/e55f6af69ef5c58d.html]
[rivestream.ru/static/css/1f36353285247896.html]
[rivestream.ru/static/chunks/85d7bc83-61d6cd113f0238f9.html]
[rivestream.ru/static/css/5169f033afcf9b8c.html]
[rivestream.ru/static/chunks/3a17f596-6fe8ea4c98328343.html]
[rivestream.ru/static/chunks/2e3a845b-4202a7c39dffe10c.html]
[rivestream.ru/static/chunks/2751-11dbb3731c0eb357.html]
[rivestream.ru/static/chunks/d9067523-4b2107309ae8968c.html]
[rivestream.ru/static/css/5ac4c7a48f1ad32a.html]
[rivestream.ru/static/chunks/7300-4265723c6b372545.html]
[rivestream.ru/static/chunks/37a763b4-5a3b4f5484a24d2c.html]
[rivestream.ru/static/chunks/a0f95e74-deee7f8b88cc1338.html]
[rivestream.ru/static/chunks/257e8032-e4b56c932d7278cd.html]
[rivestream.ru/static/chunks/3123-adb6938b8b3641b4.html]
[rivestream.ru/static/css/2fcf46b671ec326e.html]
[rivestream.ru/static/chunks/823c5380-1dfb1d3849cbbdbc.html]
[rivestream.ru/static/css/046ca342ecc41cf5.html]
[rivestream.ru/static/chunks/5727-09e2156a3a8910d9.html]
[rivestream.ru/static/css/872c900c2bb8c9c1.html]
[rivestream.ru/static/chunks/9850-dc67d0ad104b323d.html]
[rivestream.ru/static/css/a75b1e8d13fd3f1c.html]
[rivestream.ru/static/chunks/1446-1a6a239c6109bc36.html]
[rivestream.ru/static/chunks/8530-98b8747ebb84bd3f.html]
[rivestream.ru/static/chunks/640-f716001d06432764.html]
[rivestream.ru/static/chunks/5027-dd5fa360feaa371b.html]
[rivestream.ru/static/chunks/7453-d06eee130a616e36.html]
[rivestream.ru/_next/static/css/5169f033afcf9b8c.css]
[rivestream.ru/_next/static/chunks/2e3a845b-4202a7c39dffe10c.js]
[rivestream.ru/_next/static/chunks/d9067523-4b2107309ae8968c.js]
[rivestream.ru/_next/static/chunks/85d7bc83-61d6cd113f0238f9.js]
[rivestream.ru/_next/static/chunks/2751-11dbb3731c0eb357.js]
[rivestream.ru/_next/static/chunks/pages/search-0b25b9009da63de5.js]
[rivestream.ru/_next/static/css/50e14c25f6ddefbd.css]
[rivestream.ru/_next/static/chunks/pages/discover-3e8a071cce153b51.js]
[rivestream.ru/_next/static/css/dbf80c152ae88bfa.css]
[rivestream.ru/_next/static/chunks/pages/ai-f3d7c7018a393bd8.js]
[rivestream.ru/_next/static/css/2fcf46b671ec326e.css]
[rivestream.ru/_next/static/chunks/3123-adb6938b8b3641b4.js]
[rivestream.ru/_next/static/chunks/pages/movie-aa15339a744af0c0.js]
[rivestream.ru/_next/static/chunks/pages/tv-ce07f9197ab2f7d0.js]
[rivestream.ru/_next/static/css/046ca342ecc41cf5.css]
[rivestream.ru/_next/static/css/b73809531504857d.css]
[rivestream.ru/_next/static/chunks/37a763b4-5a3b4f5484a24d2c.js]
[rivestream.ru/_next/static/chunks/a0f95e74-deee7f8b88cc1338.js]
[rivestream.ru/_next/static/chunks/823c5380-1dfb1d3849cbbdbc.js]
[rivestream.ru/_next/static/chunks/5727-09e2156a3a8910d9.js]
[rivestream.ru/_next/static/chunks/640-f716001d06432764.js]
[rivestream.ru/_next/static/chunks/8530-98b8747ebb84bd3f.js]
[rivestream.ru/_next/static/chunks/pages/livesports-28ea74475abf27fc.js]
[rivestream.ru/_next/static/css/9b22bba48a9cc39a.css]
[i.ibb.co/3fbvkZ3/13cultura.png]
[admango.cdn.mangomolo.com/analytics/uploads/188/6544bebaae.jpg]
[i.ibb.co/jwM8DFG/2GB-1.png]
[images.axios.com/JiG3RuYBwpU_WZFeU6HHjt03FAU=/111x0_1191x1080/320x320/2023/11/09/1699558891265.jpg]
[m.media-amazon.com/images/I/71dgsQwVcNL.png]
[cbs12.com/resources/media/0c1ecad8-fb09-4bb2-beaa-fc561dfe624a-small21x9_LoomerStill5b60.jpg]
[m.media-amazon.com/images/I/51FJ5A0mEyL.jpg]
[babaktv.com/wp-content/uploads/2023/09/30A-Classi-Movies.jpeg]
[i.ibb.co/3m9LrLj/k7gIibH.png]
[i.ibb.co/S6sZvqk/iLSGi6c.png]
[i.ibb.co/1fb5BtN/unnamed.png]
[i.ibb.co/RTVXW2gj/Screenshot-2025-05-18-231648.png]
[iatv.tmgrup.com.tr/site/v2/a2tv/i/a2tv-logo.png]
[www.jagobd.com/wp-content/uploads/2022/07/Aamar-Bangla.jpg]
[upload.wikimedia.org/wikipedia/fa/3/39/Abadan_tv.png]
[i.ibb.co/cCmjqtQ/logo-2.png]
[assets.mbcmood.com/channels/1720184087Abdullah Majeed Abdullah banner.png]
[www.abn.co.kr/resources/images/logo.png]
[abyayala.tv.bo/wp-content/uploads/2024/04/MOSCA-BLANCA-OK-308x189.png]
[files.catbox.moe/8v2y8m.png]
[i.ibb.co/HGfTJwt/ADBTV.jpg]
[i.ibb.co/zfdbVSm/logo-1.png]
[i.ibb.co/0Mb1ZQC/IMG-20230628-133738.jpg]
[pbs.twimg.com/profile_images/1451668129042599936/Uh-Z6Sh1_400x400.jpg]
[i.ibb.co/wpWBsgf/IMG-20230705-154622.jpg]
[www.akaku.org/wp-content/uploads/bb-plugin/cache/Channel53-147x150-square.png]
[www.akaku.org/wp-content/uploads/bb-plugin/cache/Channel54-147x150-square.png]
[www.akaku.org/wp-content/uploads/bb-plugin/cache/Channel55-147x150-square.png]
[i.ibb.co/C3fdPYGs/Alcarrizo.jpg]
[i.ibb.co/sWWdpdH/1687955091062.jpg]
[shoof.alkass.net/assets/images/shoof.png]
[i.ibb.co/3yfMjmf/logo-3.png]
[image.roku.com/developer_channels/prod/16f5571a82819e8992a748c70b256cbe63105f4b546b73d129668dc2cb701d91.png]
[images-na.ssl-images-amazon.com/images/I/71CZKwin9mL.png]
[i.ibb.co/tLhcNTD/amigos-tv-chiquimula.png]
[www.anadolunettv.com/d/r/logo.png]
[i.ibb.co/9Vp9Ghg/LOGO-WEB-ARABI-TV-3.png]
[i.ibb.co/dwSHt2SG/Ara.png]
[i.ibb.co/WkMfnGs/Channels4-profile-8.jpg]
[upload.wikimedia.org/wikipedia/en/b/bb/ARY_Musik_logo.png]
[asset.artidijitalmedya.com/image/188x188/channels/v1/logo_13.png]
[i.postimg.cc/rwS082hL/atacama-tv.png]
[i.ibb.co/9nHgK9t/logo-light.jpg]
[upload.wikimedia.org/wikipedia/commons/c/c5/Attica_logo_155.jpg]
[files.catbox.moe/6rj9aw.jpg]
[i.ytimg.com/vi/8BzmlfZm2xU/hqdefault.jpg]
[upload.wikimedia.org/wikipedia/commons/e/eb/Azteca_Internacional_logo_2023.png]
[badentvsued.s3.welocal.cloud/sources/60631840dfa86.png]
[bahry.faulio.com/storage/mediagallery/9a/c7/fullhd_6a5a505408b027c0d4a4453c72258f9db0d2cb20.png]
[www.tvchinese.net/uploads/tv/baicheng.jpg]
[balatontelevizio.hu/wp-content/uploads/2020/05/balaton_tv_logo.png]
[i.ibb.co/D7bLHGB/1575-Barinas-TV.png]
[blogger.googleusercontent.com/img/b/R29vZ2xl/AVvXsEjKrroOZ4RYMYlzGqMQjiIO2QbRNVndEM9PiC-CaRn/w1200-h630-p-k-no-nu/bayres-tv-removebg-preview.png]
[rivestream.ru/_next/static/chunks/pages/iptv-ede8490887f87bd7.js]
[rivestream.ru/_next/static/css/699b970711f966b5.css]
[rivestream.ru/_next/static/chunks/7453-d06eee130a616e36.js]
[rivestream.ru/images/radio/sabrina.jpg]
[rivestream.ru/images/radio/lady.jpg]
[rivestream.ru/images/radio/bruno.jpg]
[rivestream.ru/images/radio/shakira.jpg]
[rivestream.ru/images/radio/coldplay.jpg]
[rivestream.ru/images/radio/eminem.jpg]
[rivestream.ru/images/radio/olivia.jpg]
[rivestream.ru/images/radio/meghan.jpg]
[rivestream.ru/images/radio/adele.jpg]
[rivestream.ru/images/radio/michael.jpg]
[rivestream.ru/images/radio/beyonce.jpg]
[rivestream.ru/images/radio/ed.jpg]
[rivestream.ru/images/radio/taylor.jpg]
[rivestream.ru/images/radio/drake.jpg]
[rivestream.ru/images/radio/justin.jpg]
[rivestream.ru/images/radio/rihanna.jpg]
[rivestream.ru/images/radio/the.jpg]
[rivestream.ru/images/radio/blackpink.jpg]
[rivestream.ru/images/radio/bts.jpg]
[rivestream.ru/images/radio/ariana.jpg]
[rivestream.ru/images/radio/one.jpg]
[rivestream.ru/images/radio/nicki.jpg]
[rivestream.ru/images/radio/b.jpg]
[rivestream.ru/images/radio/post.jpg]
[rivestream.ru/images/radio/jubin.jpg]
[rivestream.ru/images/radio/guru.jpg]
[rivestream.ru/images/radio/asees.jpg]
[rivestream.ru/images/radio/darshan.jpg]
[rivestream.ru/images/radio/harrdy.jpg]
[rivestream.ru/images/radio/dhavani.jpg]
[rivestream.ru/images/radio/millind.jpg]
[rivestream.ru/images/radio/calm.jpg]
[rivestream.ru/_next/static/chunks/pages/radio-758e13d8215d04e8.js]
[rivestream.ru/_next/static/css/e822299a7b43cfae.css]
[rivestream.ru/_next/static/chunks/pages/manga-6629241dac2f8428.js]
[rivestream.ru/_next/static/chunks/pages/anime-ebf5e9e5acd826fe.js]
[rivestream.ru/_next/static/chunks/pages/kdrama-ff7c042fb23338b7.js]
[rivestream.ru/_next/static/css/66ae6a42bded0f88.css]
[rivestream.ru/_next/static/chunks/pages/collections-e92d9f3ee1f2b86a.js]
[rivestream.ru/_next/static/css/7499104988107383.css]
[rivestream.ru/_next/static/chunks/68c0a17d-56a9b3a67b374c6f.js]
[rivestream.ru/_next/static/chunks/6b2193de-20dadb8f48d5d1ea.js]
[rivestream.ru/_next/static/chunks/pages/library-a4245f3cd43dac62.js]
[rivestream.ru/_next/static/chunks/pages/settings-245519c73d0f02a9.js]
[rivestream.ru/images/radio/workout.jpg]
[rivestream.ru/login.html]
[rivestream.ru/signup.html]
[rivestream.ru/recommendation.html]
[rivestream.ru/embed/docs.html]
[rivestream.ru/domains.html]
[rivestream.ru/stats.html]
[rivestream.ru/ads.html]
[rivestream.ru/downloads.html]
[rivestream.ru/donation.html]
[rivestream.ru/wallets/Monero.jpg]
[rivestream.ru/disclaimer.html]
[rivestream.ru/cdn-cgi/l/email-protection.html]
[rivestream.ru/cdn-cgi/scripts/5c5dd728/cloudflare-static/email-decode.min.js]
[rivestream.ru/_next/static/css/e55fb04ca1693730.css]
[rivestream.ru/_next/static/chunks/5027-dd5fa360feaa371b.js]
[rivestream.ru/_next/static/chunks/8660-e364d9f4041cca64.js]
[rivestream.ru/_next/static/chunks/pages/profile-e2e8f681fef68d06.js]
[rivestream.ru/_next.html]
[rivestream.ru/index-2.html]
[rivestream.ru/_next/data.html]
[rivestream.ru/api.html]
[rivestream.ru/_next/static/chunks/pages/fallback-development.html]
[rivestream.ru/notification.js]
[i.ytimg.com/vi/${this.videoId}/hqdefault.jpg]
[rivestream.ru/_next/static/chunks/pages/${webpUrl}.html]
[rivestream.ru/logo.html]
[www.gstatic.com/cv/js/sender/v1/cast_sender97cd.js]
[rivestream.ru/${tb.url}.html]
[st.chatango.com/js/gz/emb.js]
[rivestream.ru/10Bold.html]
[upload.wikimedia.org/wikipedia/commons/thumb/5/5c/20_Mediaset_2018.svg/512px-20_Mediaset_2018.svg.html]
[upload.wikimedia.org/wikipedia/commons/thumb/c/cb/20_Minutes_TV_IDF_logo_(2023).png/320px-20_Minutes_TV_IDF_logo_(2023).html]
[i.postimg.cc/2yNQQR4g/24kitchen.png]
[rivestream.ru/24TV.html]
[rivestream.ru/2GB.html]
[golfkingdom.net/wp-content/uploads/2022/04/golf-kingdom-st.jpg]
[rivestream.ru/360.html]
[rivestream.ru/3AW.html]
[i.postimg.cc/sfb8LvcR/3sat.png]
[rivestream.ru/4FunKids.html]
[rivestream.ru/4FunTV.html]
[rivestream.ru/4UTV.html]
[www.51news.it/images/loghi/logo_tv_radio_51news.html]
[rivestream.ru/6PR.html]
[www.radio7note.com/img/favicon/android-icon-192x192.html]
[rivestream.ru/9Gem.html]
[rivestream.ru/9Go.html]
[rivestream.ru/9Life.html]
[rivestream.ru/A2TV.html]
[i.postimg.cc/QM5VpB0x/abc.png]
[rivestream.ru/ABCAustralia.html]
[rivestream.ru/ABCKids.html]
[rivestream.ru/ABCME.html]
[rivestream.ru/ABCNews.html]
[upload.wikimedia.org/wikipedia/commons/thumb/6/63/ABC_News_Live_logo_2021.svg/512px-ABC_News_Live_logo_2021.svg.html]
[rivestream.ru/ABCTV.html]
[rivestream.ru/ABCTVPlus.html]
[upload.wikimedia.org/wikipedia/en/thumb/0/0f/ABC_TV_Plus_logo_2021.svg/512px-ABC_TV_Plus_logo_2021.svg.html]
[www.lyngsat.com/logo/tv/aa/abn-news-pk.html]
[upload.wikimedia.org/wikipedia/commons/thumb/c/cd/ABP_Ananda_logo.svg/512px-ABP_Ananda_logo.svg.html]
[upload.wikimedia.org/wikipedia/commons/thumb/2/20/ABP_Asmita_logo.svg/512px-ABP_Asmita_logo.svg.html]
[upload.wikimedia.org/wikipedia/commons/thumb/c/cf/ABP_Ganga.svg/512px-ABP_Ganga.svg.html]
[upload.wikimedia.org/wikipedia/commons/thumb/5/55/ABP_Majha_logo.svg/512px-ABP_Majha_logo.svg.html]
[i.postimg.cc/pL5dHhNY/abpnews.png]
[upload.wikimedia.org/wikipedia/commons/thumb/8/80/ABP_Sanjha_logo.svg/512px-ABP_Sanjha_logo.svg.html]
[rivestream.ru/AcasaTV.md.html]
[i.postimg.cc/6QNBxMft/action24.png]
[i.postimg.cc/8c726vmZ/ae.png]
[afarin.tv/images/baxcha.html]
[rivestream.ru/AfroturkTV.html]
[upload.wikimedia.org/wikipedia/fa/thumb/6/6e/Arak_AFTAB.svg/274px-Arak_AFTAB.svg.html]
[rivestream.ru/AgroTV.html]
[rivestream.ru/AHaber.html]
[i.postimg.cc/vBxR19z3/ahaber.png]
[rivestream.ru/AhiTV.html]
[rivestream.ru/AjyalTV.html]
[rivestream.ru/AkitTV.html]
[rivestream.ru/AksuTV.html]
[alaimma.tv/alaimma-logo.html]
[rivestream.ru/AlanyaPostaTV.html]
[rivestream.ru/AlAqsaTV.html]
[i.postimg.cc/13Xv5SMK/alayyamtv.png]
[upload.wikimedia.org/wikipedia/commons/thumb/4/4b/Alborz_TV_logo.svg/310px-Alborz_TV_logo.svg.html]
[i.postimg.cc/0NmdbyS7/alfaomegatv.png]
[i.postimg.cc/DyZr1gsv/alhaqeqaaldawlia.png]
[i.postimg.cc/02FwDqPn/aljazeera.png]
[upload.wikimedia.org/wikipedia/commons/thumb/8/8e/Allgäu_TV_Logo_(2021).svg/512px-Allgäu_TV_Logo_(2021).svg.html]
[rivestream.ru/AlMadina.html]
[rivestream.ru/AlmahriahTV.html]
[rivestream.ru/AlNajahNews.html]
[rivestream.ru/AlRafidainTV.html]
[upload.wikimedia.org/wikipedia/commons/thumb/7/72/Logo_of_Alsat_TV_(2020-).svg/512px-Logo_of_Alsat_TV_(2020-).svg.html]
[alshoub.tv/wp-content/uploads/2023/09/logo@2x-1-1.html]
[rivestream.ru/AltasTV.html]
[rivestream.ru/AlZahraTVTurkic.html]
[upload.wikimedia.org/wikipedia/commons/thumb/4/4c/América_Televisión.svg/512px-América_Televisión.svg.html]
[upload.wikimedia.org/wikipedia/commons/thumb/5/5b/Amouzesh_TV_logo_(2023).svg/201px-Amouzesh_TV_logo_(2023).svg.html]
[rivestream.ru/AnadoluAgency.html]
[rivestream.ru/AnadoluDernekTV.html]
[rivestream.ru/AnadoluNetTV.html]
[rivestream.ru/ANews.html]
[i.postimg.cc/hvrqgnMB/angelustv.png]
[i.postimg.cc/cL6NqVnp/animax.png]
[i.postimg.cc/htwRKp8f/anixehdserie.png]
[rivestream.ru/APara.html]
[live.approvaltv.com/logov.html]
[upload.wikimedia.org/wikipedia/commons/thumb/8/82/Logotip_d'À_Punt_(2017-).svg/512px-Logotip_d'À_Punt_(2017-).svg.html]
[rivestream.ru/ArasTV.html]
[i.postimg.cc/0QqcjgXX/araxtv.png]
[i.postimg.cc/NMDNj0hp/ardalpha.png]
[www.lyngsat.com/logo/tv/aa/arko-tv.html]
[i.postimg.cc/9z3M5pQ9/arvan.png]
[rivestream.ru/ASpor.html]
[rivestream.ru/ASTV.html]
[upload.wikimedia.org/wikipedia/fa/thumb/2/28/Bojnourd_ATRAK_TV.svg/292px-Bojnourd_ATRAK_TV.svg.html]
[upload.wikimedia.org/wikipedia/commons/thumb/1/16/Atreseries_2020_logo.svg/512px-Atreseries_2020_logo.svg.html]
[rivestream.ru/ATurk.html]
[i.postimg.cc/mkNFsP0g/atv.png]
[rivestream.ru/ATV.html]
[i.postimg.cc/pVDj8SpM/atv2.png]
[rivestream.ru/ATVAlanya.html]
[rivestream.ru/ATVAvrupa.html]
[i.postimg.cc/Ghdyjjy8/atvavrupa.png]
[rivestream.ru/AusbizTV.html]
[i.postimg.cc/mZNchF5b/avafamily.png]
[upload.wikimedia.org/wikipedia/commons/thumb/5/52/AXN_logo_(2015).svg/512px-AXN_logo_(2015).svg.html]
[upload.wikimedia.org/wikipedia/commons/thumb/c/c2/AXS_TV_logo.svg/512px-AXS_TV_logo.svg.html]
[cdn.teleon.tv/logo/balta-tv-ua.html]
[rivestream.ru/BaltiTV.md.html]
[upload.wikimedia.org/wikipedia/fa/thumb/b/b9/TV_Baran.svg/283px-TV_Baran.svg.html]
[rivestream.ru/_next/static/chunks/257e8032-e4b56c932d7278cd.js]
[rivestream.ru/_next/static/chunks/pages/login-37813e62c59bbb95.js]
[rivestream.ru/reset-password.html]
[rivestream.ru/_next/static/chunks/pages/signup-f922b289be8da25c.js]
[rivestream.ru/_next/static/css/166c0e90a6ffe78c.css]
[rivestream.ru/_next/static/chunks/pages/recommendation-ce0eceea5f59c65b.js]
[rivestream.ru/embed/manifest.json.html]
[rivestream.ru/_next/static/css/f1603c047a82bb1b.css]
[rivestream.ru/_next/static/chunks/pages/embed/docs-3977fdaf71073f07.js]
[rivestream.ru/_next/static/chunks/pages/domains-bd60c26e5d196733.js]
[rivestream.ru/_next/static/chunks/pages/stats-1a962a3ffa3764e9.js]
[rivestream.ru/_next/static/chunks/pages/ads-221f90d59bb896f2.js]
[rivestream.ru/_next/static/chunks/pages/downloads-79e6735ec261159c.js]
[rivestream.ru/_next/static/chunks/pages/donation-42715986ea61a486.js]
[rivestream.ru/_next/static/chunks/pages/disclaimer-ca8459895f75d98a.js]
[www.gstatic.com/cast/sdk/libs/sender/1.0/cast_framework.js]
[www.gstatic.com/eureka/clank/cast_sender.js]
[i.postimg.cc/fLj50H6z/Atrina.png]
[i.postimg.cc/D0WYpKD6/bandungtv.png]
[i.postimg.cc/XJrTmFB9/bbcfour.png]
[rivestream.ru/_next/static/chunks/pages/reset-password-43cc2e8c2b08e1cd.js]
[threefortressfork.com/a5d3d1c314de59f24f2df2ae01a8e8be/invoke.html]
[threefortressfork.com/d8/55/e5/d855e550a5268171b79244436f63d380.html]
[threefortressfork.com/0bb02c2cb86f95efeffdd8b9bcc91d34/invoke.html]
[threefortressfork.com/d3/ff/c8/d3ffc818b60c2de062460b1bca627970.html]
[24.kz/templates/khabar24/img/logo-new.html]
[i.postimg.cc/zB2BNnf7/almasartv.png]
